                      :-) GROMACS - gmx mdrun, 2024.2 (-:

Copyright 1991-2024 The GROMACS Authors.
GROMACS is free software; you can redistribute it and/or modify it
under the terms of the GNU Lesser General Public License
as published by the Free Software Foundation; either version 2.1
of the License, or (at your option) any later version.

                         Current GROMACS contributors:
       Mark Abraham           Andrey Alekseenko           Vladimir Basov      
      Cathrine Bergh            Eliane Briand               Ania Brown        
      Mahesh Doijade            Giacomo Fiorin          Stefan Fleischmann    
      Sergey Gorelov         Gilles Gouaillardet            Alan Gray         
     M. Eric Irrgang         Farzaneh Jalalypour            Joe Jordan        
     Carsten Kutzner           Justin A. Lemkul          Magnus Lundborg      
       Pascal Merz              Vedran Miletic            Dmitry Morozov      
       Julien Nabet              Szilard Pall        Andrea Pasquadibisceglie 
    Michele Pellegrino          Hubert Santuz             Roland Schulz       
     Tatiana Shugaeva          Alexey Shvetsov            Philip Turner       
     Alessandra Villa      Sebastian Wingbermuehle  

                         Previous GROMACS contributors:
        Emile Apol             Rossen Apostolov           James Barnett       
        Paul Bauer          Herman J.C. Berendsen          Par Bjelkmar       
      Christian Blau          Viacheslav Bolnykh            Kevin Boyd        
    Aldert van Buuren          Carlo Camilloni           Rudi van Drunen      
      Anton Feenstra           Oliver Fleetwood            Vytas Gapsys       
       Gaurav Garg             Gerrit Groenhof            Bert de Groot       
      Anca Hamuraru           Vincent Hindriksen          Victor Holanda      
     Aleksei Iupinov          Christoph Junghans        Prashanth Kanduri     
   Dimitrios Karkoulis           Peter Kasson             Sebastian Kehl      
     Sebastian Keller             Jiri Kraus               Per Larsson        
      Viveca Lindahl            Erik Marklund           Pieter Meulenhoff     
      Teemu Murtola              Sander Pronk             Michael Shirts      
      Alfons Sijbers            Balint Soproni         David van der Spoel    
      Peter Tieleman            Carsten Uphoff             Jon Vincent        
     Teemu Virolainen         Christian Wennberg           Maarten Wolf       
      Artem Zhmurov       

                  Coordinated by the GROMACS project leaders:
                           Berk Hess and Erik Lindahl

GROMACS:      gmx mdrun, version 2024.2
Executable:   /usr/local/gromacs/bin/gmx
Data prefix:  /usr/local/gromacs
Working dir:  /home/austinl/repos/gromacs/proj-1
Process ID:   43849
Command line:
  gmx mdrun -v -deffnm min

GROMACS version:     2024.2
Precision:           mixed
Memory model:        64 bit
MPI library:         thread_mpi
OpenMP support:      enabled (GMX_OPENMP_MAX_THREADS = 128)
GPU support:         disabled
SIMD instructions:   AVX2_128
CPU FFT library:     fftw-3.3.8-sse2-avx-avx2-avx2_128
GPU FFT library:     none
Multi-GPU FFT:       none
RDTSCP usage:        enabled
TNG support:         enabled
Hwloc support:       disabled
Tracing support:     disabled
C compiler:          /usr/bin/cc GNU 11.4.0
C compiler flags:    -fexcess-precision=fast -funroll-all-loops -mavx2 -mfma -Wno-missing-field-initializers -O3 -DNDEBUG
C++ compiler:        /usr/bin/c++ GNU 11.4.0
C++ compiler flags:  -fexcess-precision=fast -funroll-all-loops -mavx2 -mfma -Wno-missing-field-initializers -Wno-cast-function-type-strict SHELL:-fopenmp -O3 -DNDEBUG
BLAS library:        Internal
LAPACK library:      Internal


Running on 1 node with total 8 cores, 16 processing units
Hardware detected on host DESKTOP-RCELDJA:
  CPU info:
    Vendor: AMD
    Brand:  AMD Ryzen 7 1700 Eight-Core Processor          
    Family: 23   Model: 1   Stepping: 1
    Features: aes amd apic avx avx2 clfsh cmov cx8 cx16 f16c fma htt lahf misalignsse mmx msr nonstop_tsc pclmuldq pdpe1gb popcnt pse rdrnd rdtscp sha sse2 sse3 sse4a sse4.1 sse4.2 ssse3
  Hardware topology: Basic
    Packages, cores, and logical processors:
    [indices refer to OS logical processors]
      Package  0: [   0   1] [   2   3] [   4   5] [   6   7] [   8   9] [  10  11] [  12  13] [  14  15]
    CPU limit set by OS: -1   Recommended max number of threads: 16


++++ PLEASE READ AND CITE THE FOLLOWING REFERENCE ++++
M. J. Abraham, T. Murtola, R. Schulz, S. Páll, J. C. Smith, B. Hess, E.
Lindahl
GROMACS: High performance molecular simulations through multi-level
parallelism from laptops to supercomputers
SoftwareX 1 (2015) pp. 19-25
-------- -------- --- Thank You --- -------- --------


++++ PLEASE READ AND CITE THE FOLLOWING REFERENCE ++++
S. Páll, M. J. Abraham, C. Kutzner, B. Hess, E. Lindahl
Tackling Exascale Software Challenges in Molecular Dynamics Simulations with
GROMACS
In S. Markidis & E. Laure (Eds.), Solving Software Challenges for Exascale 8759 (2015) pp. 3-27
-------- -------- --- Thank You --- -------- --------


++++ PLEASE READ AND CITE THE FOLLOWING REFERENCE ++++
S. Pronk, S. Páll, R. Schulz, P. Larsson, P. Bjelkmar, R. Apostolov, M. R.
Shirts, J. C. Smith, P. M. Kasson, D. van der Spoel, B. Hess, and E. Lindahl
GROMACS 4.5: a high-throughput and highly parallel open source molecular
simulation toolkit
Bioinformatics 29 (2013) pp. 845-54
-------- -------- --- Thank You --- -------- --------


++++ PLEASE READ AND CITE THE FOLLOWING REFERENCE ++++
B. Hess and C. Kutzner and D. van der Spoel and E. Lindahl
GROMACS 4: Algorithms for highly efficient, load-balanced, and scalable
molecular simulation
J. Chem. Theory Comput. 4 (2008) pp. 435-447
-------- -------- --- Thank You --- -------- --------


++++ PLEASE READ AND CITE THE FOLLOWING REFERENCE ++++
D. van der Spoel, E. Lindahl, B. Hess, G. Groenhof, A. E. Mark and H. J. C.
Berendsen
GROMACS: Fast, Flexible and Free
J. Comp. Chem. 26 (2005) pp. 1701-1719
-------- -------- --- Thank You --- -------- --------


++++ PLEASE READ AND CITE THE FOLLOWING REFERENCE ++++
E. Lindahl and B. Hess and D. van der Spoel
GROMACS 3.0: A package for molecular simulation and trajectory analysis
J. Mol. Mod. 7 (2001) pp. 306-317
-------- -------- --- Thank You --- -------- --------


++++ PLEASE READ AND CITE THE FOLLOWING REFERENCE ++++
H. J. C. Berendsen, D. van der Spoel and R. van Drunen
GROMACS: A message-passing parallel molecular dynamics implementation
Comp. Phys. Comm. 91 (1995) pp. 43-56
-------- -------- --- Thank You --- -------- --------


++++ PLEASE CITE THE DOI FOR THIS VERSION OF GROMACS ++++
https://doi.org/10.5281/zenodo.11148655
-------- -------- --- Thank You --- -------- --------

Input Parameters:
   integrator                     = steep
   tinit                          = 0
   dt                             = 0.001
   nsteps                         = 50000
   init-step                      = 0
   simulation-part                = 1
   mts                            = false
   mass-repartition-factor        = 1
   comm-mode                      = Linear
   nstcomm                        = 100
   bd-fric                        = 0
   ld-seed                        = -33694226
   emtol                          = 1000
   emstep                         = 0.01
   niter                          = 20
   fcstep                         = 0
   nstcgsteep                     = 1000
   nbfgscorr                      = 10
   rtpi                           = 0.05
   nstxout                        = 0
   nstvout                        = 0
   nstfout                        = 0
   nstlog                         = 1000
   nstcalcenergy                  = 100
   nstenergy                      = 1
   nstxout-compressed             = 0
   compressed-x-precision         = 1000
   cutoff-scheme                  = Verlet
   nstlist                        = 10
   pbc                            = xyz
   periodic-molecules             = false
   verlet-buffer-tolerance        = 0.005
   verlet-buffer-pressure-tolerance = 0.5
   rlist                          = 1.05
   coulombtype                    = PME
   coulomb-modifier               = Potential-shift
   rcoulomb-switch                = 0
   rcoulomb                       = 1
   epsilon-r                      = 1
   epsilon-rf                     = inf
   vdw-type                       = Cut-off
   vdw-modifier                   = Potential-shift
   rvdw-switch                    = 0
   rvdw                           = 1
   DispCorr                       = No
   table-extension                = 1
   fourierspacing                 = 0.12
   fourier-nx                     = 42
   fourier-ny                     = 42
   fourier-nz                     = 42
   pme-order                      = 4
   ewald-rtol                     = 1e-05
   ewald-rtol-lj                  = 0.001
   lj-pme-comb-rule               = Geometric
   ewald-geometry                 = 3d
   epsilon-surface                = 0
   ensemble-temperature-setting   = not available
   tcoupl                         = No
   nsttcouple                     = -1
   nh-chain-length                = 0
   print-nose-hoover-chain-variables = false
   pcoupl                         = No
   refcoord-scaling               = No
   posres-com (3):
      posres-com[0]= 0.00000e+00
      posres-com[1]= 0.00000e+00
      posres-com[2]= 0.00000e+00
   posres-comB (3):
      posres-comB[0]= 0.00000e+00
      posres-comB[1]= 0.00000e+00
      posres-comB[2]= 0.00000e+00
   QMMM                           = false
qm-opts:
   ngQM                           = 0
   constraint-algorithm           = Lincs
   continuation                   = false
   Shake-SOR                      = false
   shake-tol                      = 0.0001
   lincs-order                    = 4
   lincs-iter                     = 1
   lincs-warnangle                = 30
   nwall                          = 0
   wall-type                      = 9-3
   wall-r-linpot                  = -1
   wall-atomtype[0]               = -1
   wall-atomtype[1]               = -1
   wall-density[0]                = 0
   wall-density[1]                = 0
   wall-ewald-zfac                = 3
   pull                           = false
   awh                            = false
   rotation                       = false
   interactiveMD                  = false
   disre                          = No
   disre-weighting                = Conservative
   disre-mixed                    = false
   dr-fc                          = 1000
   dr-tau                         = 0
   nstdisreout                    = 100
   orire-fc                       = 0
   orire-tau                      = 0
   nstorireout                    = 100
   free-energy                    = no
   cos-acceleration               = 0
   deform (3x3):
      deform[    0]={ 0.00000e+00,  0.00000e+00,  0.00000e+00}
      deform[    1]={ 0.00000e+00,  0.00000e+00,  0.00000e+00}
      deform[    2]={ 0.00000e+00,  0.00000e+00,  0.00000e+00}
   simulated-tempering            = false
   swapcoords                     = no
   userint1                       = 0
   userint2                       = 0
   userint3                       = 0
   userint4                       = 0
   userreal1                      = 0
   userreal2                      = 0
   userreal3                      = 0
   userreal4                      = 0
   applied-forces:
     electric-field:
       x:
         E0                       = 0
         omega                    = 0
         t0                       = 0
         sigma                    = 0
       y:
         E0                       = 0
         omega                    = 0
         t0                       = 0
         sigma                    = 0
       z:
         E0                       = 0
         omega                    = 0
         t0                       = 0
         sigma                    = 0
     density-guided-simulation:
       active                     = false
       group                      = protein
       similarity-measure         = inner-product
       atom-spreading-weight      = unity
       force-constant             = 1e+09
       gaussian-transform-spreading-width = 0.2
       gaussian-transform-spreading-range-in-multiples-of-width = 4
       reference-density-filename = reference.mrc
       nst                        = 1
       normalize-densities        = true
       adaptive-force-scaling     = false
       adaptive-force-scaling-time-constant = 4
       shift-vector               = 
       transformation-matrix      = 
     qmmm-cp2k:
       active                     = false
       qmgroup                    = System
       qmmethod                   = PBE
       qmfilenames                = 
       qmcharge                   = 0
       qmmultiplicity             = 1
     colvars:
       active                     = false
       configfile                 = 
       seed                       = -1
grpopts:
   nrdf:       24573
   ref-t:           0
   tau-t:           0
annealing:          No
annealing-npoints:           0
   acc:	           0           0           0
   nfreeze:           N           N           N
   energygrp-flags[  0]: 0


Initializing Domain Decomposition on 1 ranks
NOTE: disabling dynamic load balancing as it is only supported with dynamics, not with integrator 'steep'.
Dynamic load balancing: off
Using update groups, nr 4596, average size 2.6 atoms, max. radius 0.084 nm
Minimum cell size due to atom displacement: 0.050 nm
Initial maximum distances in bonded interactions:
    two-body bonded interactions: 0.375 nm, LJ-14, atoms 99 104
  multi-body bonded interactions: 0.375 nm, Ryckaert-Bell., atoms 99 104
Minimum cell size due to bonded interactions: 0.412 nm
Using 0 separate PME ranks because: there are too few total ranks for efficient splitting
Optimizing the DD grid for 1 cells with a minimum initial size of 0.412 nm
The maximum allowed number of cells is: X 12 Y 12 Z 12
Domain decomposition grid 1 x 1 x 1, separate PME ranks 0
PME domain decomposition: 1 x 1 x 1

The initial number of communication pulses is:
The initial domain decomposition cell size is:

The maximum allowed distance for atom groups involved in interactions is:
                 non-bonded interactions           1.218 nm
            two-body bonded interactions  (-rdd)   1.218 nm
          multi-body bonded interactions  (-rdd)   1.218 nm

Using 1 MPI thread
Using 16 OpenMP threads 

System total charge: 0.000
Will do PME sum in reciprocal space for electrostatic interactions.

++++ PLEASE READ AND CITE THE FOLLOWING REFERENCE ++++
U. Essmann, L. Perera, M. L. Berkowitz, T. Darden, H. Lee and L. G. Pedersen 
A smooth particle mesh Ewald method
J. Chem. Phys. 103 (1995) pp. 8577-8592
-------- -------- --- Thank You --- -------- --------

Using a Gaussian width (1/beta) of 0.320163 nm for Ewald
Potential shift: LJ r^-12: -1.000e+00 r^-6: -1.000e+00, Ewald -1.000e-05
Initialized non-bonded Coulomb Ewald tables, spacing: 9.33e-04 size: 1073

Generated table with 1025 data points for 1-4 COUL.
Tabscale = 500 points/nm
Generated table with 1025 data points for 1-4 LJ6.
Tabscale = 500 points/nm
Generated table with 1025 data points for 1-4 LJ12.
Tabscale = 500 points/nm


Using SIMD4xM 4x4 nonbonded short-range kernels

Using a 4x4 pair-list setup:
  updated every 10 steps, buffer 0.050 nm, rlist 1.050 nm

Using Geometric Lennard-Jones combination rule
Removing pbc first time

Linking all bonded interactions to atoms


Pinning threads with an auto-selected logical cpu stride of 1

++++ PLEASE READ AND CITE THE FOLLOWING REFERENCE ++++
S. Miyamoto and P. A. Kollman
SETTLE: An Analytical Version of the SHAKE and RATTLE Algorithms for Rigid
Water Models
J. Comp. Chem. 13 (1992) pp. 952-962
-------- -------- --- Thank You --- -------- --------


Note that activating steepest-descent energy minimization via the integrator .mdp option and the command gmx mdrun may be available in a different form in a future version of GROMACS, e.g. gmx minimize and an .mdp option.
Initiating Steepest Descents

Atom distribution over 1 domains: av 11788 stddev 0 min 11788 max 11788
Started Steepest Descents on rank 0 Sun Dec 15 18:40:22 2024


Steepest Descents:
   Tolerance (Fmax)   =  1.00000e+03
   Number of steps    =        50000
           Step           Time
              0        0.00000

   Energies (kJ/mol)
           Bond          Angle Ryckaert-Bell.          LJ-14     Coulomb-14
    8.20107e+04    9.45037e+01    2.26117e-05   -4.74032e+01    0.00000e+00
        LJ (SR)   Coulomb (SR)   Coul. recip.      Potential Pressure (bar)
    1.38816e+05   -1.66756e+05    3.88866e+03    5.80058e+04    2.83569e+04

           Step           Time
              1        1.00000

   Energies (kJ/mol)
           Bond          Angle Ryckaert-Bell.          LJ-14     Coulomb-14
    7.93764e+04    9.59199e+01    9.66730e-02   -4.77504e+01    0.00000e+00
        LJ (SR)   Coulomb (SR)   Coul. recip.      Potential Pressure (bar)
    1.11517e+05   -1.66996e+05    3.89102e+03    2.78364e+04    1.25969e+04

           Step           Time
              2        2.00000

   Energies (kJ/mol)
           Bond          Angle Ryckaert-Bell.          LJ-14     Coulomb-14
    7.12203e+04    1.29398e+02    1.04821e+00   -4.88644e+01    0.00000e+00
        LJ (SR)   Coulomb (SR)   Coul. recip.      Potential Pressure (bar)
    8.09550e+04   -1.67476e+05    3.88996e+03   -1.13292e+04   -3.04779e+03

           Step           Time
              3        3.00000

   Energies (kJ/mol)
           Bond          Angle Ryckaert-Bell.          LJ-14     Coulomb-14
    5.17080e+04    2.28397e+02    3.83994e+00   -5.17168e+01    0.00000e+00
        LJ (SR)   Coulomb (SR)   Coul. recip.      Potential Pressure (bar)
    5.81436e+04   -1.68319e+05    3.86689e+03   -5.44205e+04   -1.01483e+04

           Step           Time
              4        4.00000

   Energies (kJ/mol)
           Bond          Angle Ryckaert-Bell.          LJ-14     Coulomb-14
    1.95891e+04    4.92965e+02    9.73905e+00   -5.72060e+01    0.00000e+00
        LJ (SR)   Coulomb (SR)   Coul. recip.      Potential Pressure (bar)
    4.30198e+04   -1.69866e+05    3.79029e+03   -1.03021e+05   -6.17321e+03

           Step           Time
              5        5.00000

   Energies (kJ/mol)
           Bond          Angle Ryckaert-Bell.          LJ-14     Coulomb-14
    7.31701e+02    2.77715e+03    1.74994e+01   -5.95039e+01    0.00000e+00
        LJ (SR)   Coulomb (SR)   Coul. recip.      Potential Pressure (bar)
    3.46964e+04   -1.72387e+05    3.60439e+03   -1.30619e+05    2.71540e+03

           Step           Time
              6        6.00000

   Energies (kJ/mol)
           Bond          Angle Ryckaert-Bell.          LJ-14     Coulomb-14
    3.52015e+03    9.61717e+02    1.69604e+01   -5.58214e+01    0.00000e+00
        LJ (SR)   Coulomb (SR)   Coul. recip.      Potential Pressure (bar)
    3.21384e+04   -1.74389e+05    3.41126e+03   -1.34397e+05    2.94897e+03

           Step           Time
              7        7.00000

   Energies (kJ/mol)
           Bond          Angle Ryckaert-Bell.          LJ-14     Coulomb-14
    5.12448e+02    2.41263e+03    1.80221e+01   -5.56473e+01    0.00000e+00
        LJ (SR)   Coulomb (SR)   Coul. recip.      Potential Pressure (bar)
    3.16914e+04   -1.75170e+05    3.33527e+03   -1.37256e+05    1.34713e+03

           Step           Time
              8        8.00000

           Step           Time
              9        9.00000

   Energies (kJ/mol)
           Bond          Angle Ryckaert-Bell.          LJ-14     Coulomb-14
    8.36339e+02    1.02150e+03    1.60080e+01   -5.35295e+01    0.00000e+00
        LJ (SR)   Coulomb (SR)   Coul. recip.      Potential Pressure (bar)
    3.11271e+04   -1.75741e+05    3.28077e+03   -1.39513e+05    1.99307e+03

           Step           Time
             10       10.00000

   Energies (kJ/mol)
           Bond          Angle Ryckaert-Bell.          LJ-14     Coulomb-14
    1.86176e+03    2.29439e+03    1.89308e+01   -5.05006e+01    0.00000e+00
        LJ (SR)   Coulomb (SR)   Coul. recip.      Potential Pressure (bar)
    2.99415e+04   -1.77573e+05    3.10545e+03   -1.40401e+05   -3.89710e+02

           Step           Time
             11       11.00000

   Energies (kJ/mol)
           Bond          Angle Ryckaert-Bell.          LJ-14     Coulomb-14
    1.41919e+03    4.10792e+02    1.68380e+01   -4.60419e+01    0.00000e+00
        LJ (SR)   Coulomb (SR)   Coul. recip.      Potential Pressure (bar)
    2.95365e+04   -1.78040e+05    3.06272e+03   -1.43640e+05    1.18822e+03

           Step           Time
             12       12.00000

           Step           Time
             13       13.00000

   Energies (kJ/mol)
           Bond          Angle Ryckaert-Bell.          LJ-14     Coulomb-14
    3.37316e+02    1.13576e+03    1.74863e+01   -4.65658e+01    0.00000e+00
        LJ (SR)   Coulomb (SR)   Coul. recip.      Potential Pressure (bar)
    2.92717e+04   -1.78613e+05    3.01025e+03   -1.44887e+05   -2.97154e+01

           Step           Time
             14       14.00000

   Energies (kJ/mol)
           Bond          Angle Ryckaert-Bell.          LJ-14     Coulomb-14
    1.97327e+03    3.00131e+02    1.77906e+01   -4.12415e+01    0.00000e+00
        LJ (SR)   Coulomb (SR)   Coul. recip.      Potential Pressure (bar)
    2.88332e+04   -1.79297e+05    2.94878e+03   -1.45265e+05    7.83130e+02

           Step           Time
             15       15.00000

   Energies (kJ/mol)
           Bond          Angle Ryckaert-Bell.          LJ-14     Coulomb-14
    1.02746e+03    1.19155e+03    1.87938e+01   -4.33735e+01    0.00000e+00
        LJ (SR)   Coulomb (SR)   Coul. recip.      Potential Pressure (bar)
    2.86378e+04   -1.79839e+05    2.90056e+03   -1.46106e+05   -8.40577e+02

           Step           Time
             16       16.00000

           Step           Time
             17       17.00000

   Energies (kJ/mol)
           Bond          Angle Ryckaert-Bell.          LJ-14     Coulomb-14
    2.34358e+02    3.38364e+02    1.83485e+01   -4.00604e+01    0.00000e+00
        LJ (SR)   Coulomb (SR)   Coul. recip.      Potential Pressure (bar)
    2.84431e+04   -1.80129e+05    2.87544e+03   -1.48260e+05    7.33280e+01

           Step           Time
             18       18.00000

   Energies (kJ/mol)
           Bond          Angle Ryckaert-Bell.          LJ-14     Coulomb-14
    1.04878e+03    8.70504e+02    1.99655e+01   -3.80364e+01    0.00000e+00
        LJ (SR)   Coulomb (SR)   Coul. recip.      Potential Pressure (bar)
    2.78447e+04   -1.81482e+05    2.75763e+03   -1.48978e+05   -1.34578e+03

           Step           Time
             19       19.00000

   Energies (kJ/mol)
           Bond          Angle Ryckaert-Bell.          LJ-14     Coulomb-14
    4.35347e+02    1.92699e+02    2.01156e+01   -3.39552e+01    0.00000e+00
        LJ (SR)   Coulomb (SR)   Coul. recip.      Potential Pressure (bar)
    2.76765e+04   -1.81771e+05    2.73401e+03   -1.50746e+05   -4.12165e+02

           Step           Time
             20       20.00000

           Step           Time
             21       21.00000

   Energies (kJ/mol)
           Bond          Angle Ryckaert-Bell.          LJ-14     Coulomb-14
    1.04125e+02    3.67454e+02    2.05664e+01   -3.47373e+01    0.00000e+00
        LJ (SR)   Coulomb (SR)   Coul. recip.      Potential Pressure (bar)
    2.75474e+04   -1.82140e+05    2.70383e+03   -1.51431e+05   -1.01277e+03

           Step           Time
             22       22.00000

   Energies (kJ/mol)
           Bond          Angle Ryckaert-Bell.          LJ-14     Coulomb-14
    6.62659e+02    1.72579e+02    2.12369e+01   -3.10255e+01    0.00000e+00
        LJ (SR)   Coulomb (SR)   Coul. recip.      Potential Pressure (bar)
    2.73108e+04   -1.82662e+05    2.66186e+03   -1.51864e+05   -6.73910e+02

           Step           Time
             23       23.00000

   Energies (kJ/mol)
           Bond          Angle Ryckaert-Bell.          LJ-14     Coulomb-14
    2.97394e+02    3.90970e+02    2.17265e+01   -3.29128e+01    0.00000e+00
        LJ (SR)   Coulomb (SR)   Coul. recip.      Potential Pressure (bar)
    2.72069e+04   -1.83022e+05    2.63333e+03   -1.52505e+05   -1.47530e+03

           Step           Time
             24       24.00000

   Energies (kJ/mol)
           Bond          Angle Ryckaert-Bell.          LJ-14     Coulomb-14
    1.11984e+03    2.13156e+02    2.23542e+01   -2.82498e+01    0.00000e+00
        LJ (SR)   Coulomb (SR)   Coul. recip.      Potential Pressure (bar)
    2.70044e+04   -1.83467e+05    2.59878e+03   -1.52537e+05   -8.89190e+02

           Step           Time
             25       25.00000

   Energies (kJ/mol)
           Bond          Angle Ryckaert-Bell.          LJ-14     Coulomb-14
    8.46861e+02    5.01920e+02    2.29668e+01   -3.17978e+01    0.00000e+00
        LJ (SR)   Coulomb (SR)   Coul. recip.      Potential Pressure (bar)
    2.69273e+04   -1.83824e+05    2.57132e+03   -1.52986e+05   -2.02243e+03

           Step           Time
             26       26.00000

           Step           Time
             27       27.00000

   Energies (kJ/mol)
           Bond          Angle Ryckaert-Bell.          LJ-14     Coulomb-14
    1.13669e+02    1.33455e+02    2.30004e+01   -2.87321e+01    0.00000e+00
        LJ (SR)   Coulomb (SR)   Coul. recip.      Potential Pressure (bar)
    2.68294e+04   -1.84019e+05    2.55675e+03   -1.54391e+05   -1.35695e+03

           Step           Time
             28       28.00000

   Energies (kJ/mol)
           Bond          Angle Ryckaert-Bell.          LJ-14     Coulomb-14
    9.71895e+02    4.63590e+02    2.44450e+01   -2.96093e+01    0.00000e+00
        LJ (SR)   Coulomb (SR)   Coul. recip.      Potential Pressure (bar)
    2.65541e+04   -1.84931e+05    2.48794e+03   -1.54458e+05   -2.37758e+03

           Step           Time
             29       29.00000

   Energies (kJ/mol)
           Bond          Angle Ryckaert-Bell.          LJ-14     Coulomb-14
    2.61897e+02    1.17664e+02    2.46033e+01   -2.61339e+01    0.00000e+00
        LJ (SR)   Coulomb (SR)   Coul. recip.      Potential Pressure (bar)
    2.64607e+04   -1.85130e+05    2.47372e+03   -1.55818e+05   -1.66196e+03

           Step           Time
             30       30.00000

           Step           Time
             31       31.00000

   Energies (kJ/mol)
           Bond          Angle Ryckaert-Bell.          LJ-14     Coulomb-14
    1.36473e+02    1.87272e+02    2.50022e+01   -2.75148e+01    0.00000e+00
        LJ (SR)   Coulomb (SR)   Coul. recip.      Potential Pressure (bar)
    2.63945e+04   -1.85412e+05    2.45358e+03   -1.56243e+05   -2.11678e+03

           Step           Time
             32       32.00000

   Energies (kJ/mol)
           Bond          Angle Ryckaert-Bell.          LJ-14     Coulomb-14
    4.47013e+02    1.33277e+02    2.55310e+01   -2.48857e+01    0.00000e+00
        LJ (SR)   Coulomb (SR)   Coul. recip.      Potential Pressure (bar)
    2.62728e+04   -1.85760e+05    2.42905e+03   -1.56478e+05   -1.82585e+03

           Step           Time
             33       33.00000

   Energies (kJ/mol)
           Bond          Angle Ryckaert-Bell.          LJ-14     Coulomb-14
    3.54489e+02    2.35580e+02    2.59579e+01   -2.72232e+01    0.00000e+00
        LJ (SR)   Coulomb (SR)   Coul. recip.      Potential Pressure (bar)
    2.62209e+04   -1.86044e+05    2.40929e+03   -1.56825e+05   -2.46198e+03

           Step           Time
             34       34.00000

   Energies (kJ/mol)
           Bond          Angle Ryckaert-Bell.          LJ-14     Coulomb-14
    8.29874e+02    1.94344e+02    2.64365e+01   -2.35142e+01    0.00000e+00
        LJ (SR)   Coulomb (SR)   Coul. recip.      Potential Pressure (bar)
    2.61092e+04   -1.86350e+05    2.38831e+03   -1.56825e+05   -1.96380e+03

           Step           Time
             35       35.00000

   Energies (kJ/mol)
           Bond          Angle Ryckaert-Bell.          LJ-14     Coulomb-14
    9.35590e+02    3.54877e+02    2.69953e+01   -2.73127e+01    0.00000e+00
        LJ (SR)   Coulomb (SR)   Coul. recip.      Potential Pressure (bar)
    2.60759e+04   -1.86635e+05    2.36884e+03   -1.56900e+05   -2.89799e+03

           Step           Time
             36       36.00000

           Step           Time
             37       37.00000

   Energies (kJ/mol)
           Bond          Angle Ryckaert-Bell.          LJ-14     Coulomb-14
    6.14265e+01    8.66398e+01    2.69355e+01   -2.46927e+01    0.00000e+00
        LJ (SR)   Coulomb (SR)   Coul. recip.      Potential Pressure (bar)
    2.60167e+04   -1.86774e+05    2.35966e+03   -1.58247e+05   -2.31808e+03

           Step           Time
             38       38.00000

           Step           Time
             39       39.00000

   Energies (kJ/mol)
           Bond          Angle Ryckaert-Bell.          LJ-14     Coulomb-14
    1.78533e+02    1.50631e+02    2.75989e+01   -2.55731e+01    0.00000e+00
        LJ (SR)   Coulomb (SR)   Coul. recip.      Potential Pressure (bar)
    2.59176e+04   -1.87226e+05    2.32939e+03   -1.58648e+05   -2.69996e+03

           Step           Time
             40       40.00000

   Energies (kJ/mol)
           Bond          Angle Ryckaert-Bell.          LJ-14     Coulomb-14
    1.18440e+02    8.35670e+01    2.78518e+01   -2.40690e+01    0.00000e+00
        LJ (SR)   Coulomb (SR)   Coul. recip.      Potential Pressure (bar)
    2.58617e+04   -1.87413e+05    2.31719e+03   -1.59029e+05   -2.47734e+03

           Step           Time
             41       41.00000

   Energies (kJ/mol)
           Bond          Angle Ryckaert-Bell.          LJ-14     Coulomb-14
    3.23055e+02    1.80448e+02    2.83807e+01   -2.55634e+01    0.00000e+00
        LJ (SR)   Coulomb (SR)   Coul. recip.      Potential Pressure (bar)
    2.57990e+04   -1.87772e+05    2.29381e+03   -1.59173e+05   -2.94499e+03

           Step           Time
             42       42.00000

   Energies (kJ/mol)
           Bond          Angle Ryckaert-Bell.          LJ-14     Coulomb-14
    2.32288e+02    9.47207e+01    2.86185e+01   -2.35078e+01    0.00000e+00
        LJ (SR)   Coulomb (SR)   Coul. recip.      Potential Pressure (bar)
    2.57420e+04   -1.87959e+05    2.28191e+03   -1.59603e+05   -2.61193e+03

           Step           Time
             43       43.00000

           Step           Time
             44       44.00000

   Energies (kJ/mol)
           Bond          Angle Ryckaert-Bell.          LJ-14     Coulomb-14
    4.07997e+01    9.02131e+01    2.88140e+01   -2.46513e+01    0.00000e+00
        LJ (SR)   Coulomb (SR)   Coul. recip.      Potential Pressure (bar)
    2.57209e+04   -1.88117e+05    2.27188e+03   -1.59989e+05   -2.85950e+03

           Step           Time
             45       45.00000

   Energies (kJ/mol)
           Bond          Angle Ryckaert-Bell.          LJ-14     Coulomb-14
    4.08894e+02    1.17883e+02    2.95045e+01   -2.29477e+01    0.00000e+00
        LJ (SR)   Coulomb (SR)   Coul. recip.      Potential Pressure (bar)
    2.56176e+04   -1.88581e+05    2.24261e+03   -1.60187e+05   -2.75383e+03

           Step           Time
             46       46.00000

   Energies (kJ/mol)
           Bond          Angle Ryckaert-Bell.          LJ-14     Coulomb-14
    1.32660e+02    1.13163e+02    2.97034e+01   -2.48514e+01    0.00000e+00
        LJ (SR)   Coulomb (SR)   Coul. recip.      Potential Pressure (bar)
    2.56041e+04   -1.88751e+05    2.23204e+03   -1.60664e+05   -3.13582e+03

           Step           Time
             47       47.00000

           Step           Time
             48       48.00000

   Energies (kJ/mol)
           Bond          Angle Ryckaert-Bell.          LJ-14     Coulomb-14
    9.15776e+01    6.84312e+01    2.98837e+01   -2.36070e+01    0.00000e+00
        LJ (SR)   Coulomb (SR)   Coul. recip.      Potential Pressure (bar)
    2.55648e+04   -1.88914e+05    2.22209e+03   -1.60961e+05   -2.94506e+03

           Step           Time
             49       49.00000

   Energies (kJ/mol)
           Bond          Angle Ryckaert-Bell.          LJ-14     Coulomb-14
    2.34652e+02    1.36316e+02    3.03377e+01   -2.50120e+01    0.00000e+00
        LJ (SR)   Coulomb (SR)   Coul. recip.      Potential Pressure (bar)
    2.55274e+04   -1.89216e+05    2.20366e+03   -1.61109e+05   -3.32680e+03

           Step           Time
             50       50.00000

   Energies (kJ/mol)
           Bond          Angle Ryckaert-Bell.          LJ-14     Coulomb-14
    1.81429e+02    7.74560e+01    3.04934e+01   -2.32732e+01    0.00000e+00
        LJ (SR)   Coulomb (SR)   Coul. recip.      Potential Pressure (bar)
    2.54865e+04   -1.89381e+05    2.19377e+03   -1.61435e+05   -3.04301e+03

           Step           Time
             51       51.00000

           Step           Time
             52       52.00000

   Energies (kJ/mol)
           Bond          Angle Ryckaert-Bell.          LJ-14     Coulomb-14
    3.15871e+01    7.20696e+01    3.06309e+01   -2.43085e+01    0.00000e+00
        LJ (SR)   Coulomb (SR)   Coul. recip.      Potential Pressure (bar)
    2.54751e+04   -1.89514e+05    2.18582e+03   -1.61743e+05   -3.25322e+03

           Step           Time
             53       53.00000

   Energies (kJ/mol)
           Bond          Angle Ryckaert-Bell.          LJ-14     Coulomb-14
    2.91696e+02    9.14543e+01    3.12088e+01   -2.30081e+01    0.00000e+00
        LJ (SR)   Coulomb (SR)   Coul. recip.      Potential Pressure (bar)
    2.54055e+04   -1.89922e+05    2.16160e+03   -1.61963e+05   -3.16013e+03

           Step           Time
             54       54.00000

   Energies (kJ/mol)
           Bond          Angle Ryckaert-Bell.          LJ-14     Coulomb-14
    7.24197e+01    8.18252e+01    3.13258e+01   -2.45296e+01    0.00000e+00
        LJ (SR)   Coulomb (SR)   Coul. recip.      Potential Pressure (bar)
    2.54000e+04   -1.90061e+05    2.15349e+03   -1.62346e+05   -3.45245e+03

           Step           Time
             55       55.00000

           Step           Time
             56       56.00000

   Energies (kJ/mol)
           Bond          Angle Ryckaert-Bell.          LJ-14     Coulomb-14
    6.40660e+01    5.67806e+01    3.14602e+01   -2.36452e+01    0.00000e+00
        LJ (SR)   Coulomb (SR)   Coul. recip.      Potential Pressure (bar)
    2.53729e+04   -1.90211e+05    2.14482e+03   -1.62565e+05   -3.32311e+03

           Step           Time
             57       57.00000

   Energies (kJ/mol)
           Bond          Angle Ryckaert-Bell.          LJ-14     Coulomb-14
    1.16028e+02    9.18696e+01    3.18026e+01   -2.46979e+01    0.00000e+00
        LJ (SR)   Coulomb (SR)   Coul. recip.      Potential Pressure (bar)
    2.53529e+04   -1.90452e+05    2.13095e+03   -1.62753e+05   -3.58895e+03

           Step           Time
             58       58.00000

   Energies (kJ/mol)
           Bond          Angle Ryckaert-Bell.          LJ-14     Coulomb-14
    1.19707e+02    6.13222e+01    3.19229e+01   -2.34707e+01    0.00000e+00
        LJ (SR)   Coulomb (SR)   Coul. recip.      Potential Pressure (bar)
    2.53245e+04   -1.90607e+05    2.12213e+03   -1.62971e+05   -3.39851e+03

           Step           Time
             59       59.00000

   Energies (kJ/mol)
           Bond          Angle Ryckaert-Bell.          LJ-14     Coulomb-14
    2.01092e+02    1.11289e+02    3.22773e+01   -2.49135e+01    0.00000e+00
        LJ (SR)   Coulomb (SR)   Coul. recip.      Potential Pressure (bar)
    2.53146e+04   -1.90818e+05    2.11016e+03   -1.63074e+05   -3.73385e+03

           Step           Time
             60       60.00000

   Energies (kJ/mol)
           Bond          Angle Ryckaert-Bell.          LJ-14     Coulomb-14
    2.35489e+02    7.80754e+01    3.23711e+01   -2.31921e+01    0.00000e+00
        LJ (SR)   Coulomb (SR)   Coul. recip.      Potential Pressure (bar)
    2.52841e+04   -1.90976e+05    2.10134e+03   -1.63268e+05   -3.45862e+03

           Step           Time
             61       61.00000

   Energies (kJ/mol)
           Bond          Angle Ryckaert-Bell.          LJ-14     Coulomb-14
    3.69079e+02    1.47985e+02    3.28262e+01   -2.51841e+01    0.00000e+00
        LJ (SR)   Coulomb (SR)   Coul. recip.      Potential Pressure (bar)
    2.52839e+04   -1.91169e+05    2.09058e+03   -1.63270e+05   -3.89894e+03

           Step           Time
             62       62.00000

   Energies (kJ/mol)
           Bond          Angle Ryckaert-Bell.          LJ-14     Coulomb-14
    4.78602e+02    1.22597e+02    3.28648e+01   -2.27268e+01    0.00000e+00
        LJ (SR)   Coulomb (SR)   Coul. recip.      Potential Pressure (bar)
    2.52496e+04   -1.91328e+05    2.08184e+03   -1.63385e+05   -3.50740e+03

           Step           Time
             63       63.00000

           Step           Time
             64       64.00000

   Energies (kJ/mol)
           Bond          Angle Ryckaert-Bell.          LJ-14     Coulomb-14
    1.97869e+01    5.15207e+01    3.27122e+01   -2.42013e+01    0.00000e+00
        LJ (SR)   Coulomb (SR)   Coul. recip.      Potential Pressure (bar)
    2.52534e+04   -1.91418e+05    2.07687e+03   -1.64008e+05   -3.72819e+03

           Step           Time
             65       65.00000

   Energies (kJ/mol)
           Bond          Angle Ryckaert-Bell.          LJ-14     Coulomb-14
    5.62109e+02    1.34375e+02    3.41459e+01   -2.28139e+01    0.00000e+00
        LJ (SR)   Coulomb (SR)   Coul. recip.      Potential Pressure (bar)
    2.51916e+04   -1.92088e+05    2.04014e+03   -1.64148e+05   -3.67673e+03

           Step           Time
             66       66.00000

   Energies (kJ/mol)
           Bond          Angle Ryckaert-Bell.          LJ-14     Coulomb-14
    4.98953e+01    5.73088e+01    3.35560e+01   -2.45342e+01    0.00000e+00
        LJ (SR)   Coulomb (SR)   Coul. recip.      Potential Pressure (bar)
    2.52001e+04   -1.92179e+05    2.03530e+03   -1.64827e+05   -3.93796e+03

           Step           Time
             67       67.00000

           Step           Time
             68       68.00000

   Energies (kJ/mol)
           Bond          Angle Ryckaert-Bell.          LJ-14     Coulomb-14
    1.05407e+02    5.38611e+01    3.37003e+01   -2.37754e+01    0.00000e+00
        LJ (SR)   Coulomb (SR)   Coul. recip.      Potential Pressure (bar)
    2.51832e+04   -1.92345e+05    2.02659e+03   -1.64966e+05   -3.83827e+03

           Step           Time
             69       69.00000

   Energies (kJ/mol)
           Bond          Angle Ryckaert-Bell.          LJ-14     Coulomb-14
    9.04994e+01    6.64925e+01    3.39721e+01   -2.47364e+01    0.00000e+00
        LJ (SR)   Coulomb (SR)   Coul. recip.      Potential Pressure (bar)
    2.51866e+04   -1.92484e+05    2.01930e+03   -1.65112e+05   -4.03869e+03

           Step           Time
             70       70.00000

   Energies (kJ/mol)
           Bond          Angle Ryckaert-Bell.          LJ-14     Coulomb-14
    1.93643e+02    6.73128e+01    3.41228e+01   -2.36661e+01    0.00000e+00
        LJ (SR)   Coulomb (SR)   Coul. recip.      Potential Pressure (bar)
    2.51683e+04   -1.92646e+05    2.01092e+03   -1.65195e+05   -3.88579e+03

           Step           Time
             71       71.00000

   Energies (kJ/mol)
           Bond          Angle Ryckaert-Bell.          LJ-14     Coulomb-14
    1.67082e+02    8.48929e+01    3.45896e+01   -2.49456e+01    0.00000e+00
        LJ (SR)   Coulomb (SR)   Coul. recip.      Potential Pressure (bar)
    2.51773e+04   -1.92779e+05    2.00405e+03   -1.65336e+05   -4.14191e+03

           Step           Time
             72       72.00000

           Step           Time
             73       73.00000

   Energies (kJ/mol)
           Bond          Angle Ryckaert-Bell.          LJ-14     Coulomb-14
    2.42801e+01    3.99087e+01    3.38725e+01   -2.42185e+01    0.00000e+00
        LJ (SR)   Coulomb (SR)   Coul. recip.      Potential Pressure (bar)
    2.51647e+04   -1.92860e+05    1.99990e+03   -1.65621e+05   -4.00049e+03

           Step           Time
             74       74.00000

   Energies (kJ/mol)
           Bond          Angle Ryckaert-Bell.          LJ-14     Coulomb-14
    3.93810e+02    1.33650e+02    3.56480e+01   -2.54766e+01    0.00000e+00
        LJ (SR)   Coulomb (SR)   Coul. recip.      Potential Pressure (bar)
    2.51652e+04   -1.93391e+05    1.97256e+03   -1.65716e+05   -4.37941e+03

           Step           Time
             75       75.00000

   Energies (kJ/mol)
           Bond          Angle Ryckaert-Bell.          LJ-14     Coulomb-14
    8.19158e+01    4.47213e+01    3.43638e+01   -2.41001e+01    0.00000e+00
        LJ (SR)   Coulomb (SR)   Coul. recip.      Potential Pressure (bar)
    2.51481e+04   -1.93478e+05    1.96829e+03   -1.66224e+05   -4.09252e+03

           Step           Time
             76       76.00000

           Step           Time
             77       77.00000

   Energies (kJ/mol)
           Bond          Angle Ryckaert-Bell.          LJ-14     Coulomb-14
    1.01324e+02    6.45715e+01    3.46339e+01   -2.50341e+01    0.00000e+00
        LJ (SR)   Coulomb (SR)   Coul. recip.      Potential Pressure (bar)
    2.51555e+04   -1.93617e+05    1.96134e+03   -1.66325e+05   -4.29104e+03

           Step           Time
             78       78.00000

   Energies (kJ/mol)
           Bond          Angle Ryckaert-Bell.          LJ-14     Coulomb-14
    1.55813e+02    5.61556e+01    3.46612e+01   -2.39737e+01    0.00000e+00
        LJ (SR)   Coulomb (SR)   Coul. recip.      Potential Pressure (bar)
    2.51448e+04   -1.93746e+05    1.95498e+03   -1.66424e+05   -4.12387e+03

           Step           Time
             79       79.00000

   Energies (kJ/mol)
           Bond          Angle Ryckaert-Bell.          LJ-14     Coulomb-14
    1.87210e+02    8.45149e+01    3.50787e+01   -2.52418e+01    0.00000e+00
        LJ (SR)   Coulomb (SR)   Coul. recip.      Potential Pressure (bar)
    2.51570e+04   -1.93877e+05    1.94852e+03   -1.66490e+05   -4.38458e+03

           Step           Time
             80       80.00000

   Energies (kJ/mol)
           Bond          Angle Ryckaert-Bell.          LJ-14     Coulomb-14
    3.17555e+02    8.41510e+01    3.51620e+01   -2.37428e+01    0.00000e+00
        LJ (SR)   Coulomb (SR)   Coul. recip.      Potential Pressure (bar)
    2.51436e+04   -1.94008e+05    1.94214e+03   -1.66509e+05   -4.14848e+03

           Step           Time
             81       81.00000

   Energies (kJ/mol)
           Bond          Angle Ryckaert-Bell.          LJ-14     Coulomb-14
    3.51068e+02    1.22438e+02    3.59024e+01   -2.54820e+01    0.00000e+00
        LJ (SR)   Coulomb (SR)   Coul. recip.      Potential Pressure (bar)
    2.51621e+04   -1.94131e+05    1.93615e+03   -1.66549e+05   -4.49526e+03

           Step           Time
             82       82.00000

           Step           Time
             83       83.00000

   Energies (kJ/mol)
           Bond          Angle Ryckaert-Bell.          LJ-14     Coulomb-14
    2.52670e+01    3.40323e+01    3.45267e+01   -2.44571e+01    0.00000e+00
        LJ (SR)   Coulomb (SR)   Coul. recip.      Potential Pressure (bar)
    2.51505e+04   -1.94198e+05    1.93291e+03   -1.67045e+05   -4.26741e+03

           Step           Time
             84       84.00000

           Step           Time
             85       85.00000

   Energies (kJ/mol)
           Bond          Angle Ryckaert-Bell.          LJ-14     Coulomb-14
    1.56426e+02    7.43728e+01    3.50474e+01   -2.53007e+01    0.00000e+00
        LJ (SR)   Coulomb (SR)   Coul. recip.      Potential Pressure (bar)
    2.51620e+04   -1.94476e+05    1.91946e+03   -1.67154e+05   -4.48470e+03

           Step           Time
             86       86.00000

   Energies (kJ/mol)
           Bond          Angle Ryckaert-Bell.          LJ-14     Coulomb-14
    7.48579e+01    3.99318e+01    3.47388e+01   -2.43522e+01    0.00000e+00
        LJ (SR)   Coulomb (SR)   Coul. recip.      Potential Pressure (bar)
    2.51553e+04   -1.94563e+05    1.91529e+03   -1.67367e+05   -4.30898e+03

           Step           Time
             87       87.00000

           Step           Time
             88       88.00000

   Energies (kJ/mol)
           Bond          Angle Ryckaert-Bell.          LJ-14     Coulomb-14
    2.07656e+01    3.74397e+01    3.46611e+01   -2.49060e+01    0.00000e+00
        LJ (SR)   Coulomb (SR)   Coul. recip.      Potential Pressure (bar)
    2.51617e+04   -1.94645e+05    1.91140e+03   -1.67504e+05   -4.41457e+03

           Step           Time
             89       89.00000

   Energies (kJ/mol)
           Bond          Angle Ryckaert-Bell.          LJ-14     Coulomb-14
    1.34582e+02    4.97594e+01    3.49612e+01   -2.42878e+01    0.00000e+00
        LJ (SR)   Coulomb (SR)   Coul. recip.      Potential Pressure (bar)
    2.51623e+04   -1.94856e+05    1.90140e+03   -1.67597e+05   -4.34518e+03

           Step           Time
             90       90.00000

   Energies (kJ/mol)
           Bond          Angle Ryckaert-Bell.          LJ-14     Coulomb-14
    3.89488e+01    4.14950e+01    3.47692e+01   -2.50617e+01    0.00000e+00
        LJ (SR)   Coulomb (SR)   Coul. recip.      Potential Pressure (bar)
    2.51715e+04   -1.94938e+05    1.89752e+03   -1.67779e+05   -4.48520e+03

           Step           Time
             91       91.00000

           Step           Time
             92       92.00000

   Energies (kJ/mol)
           Bond          Angle Ryckaert-Bell.          LJ-14     Coulomb-14
    3.13349e+01    3.26640e+01    3.47032e+01   -2.46419e+01    0.00000e+00
        LJ (SR)   Coulomb (SR)   Coul. recip.      Potential Pressure (bar)
    2.51707e+04   -1.95028e+05    1.89329e+03   -1.67890e+05   -4.41810e+03

           Step           Time
             93       93.00000

   Energies (kJ/mol)
           Bond          Angle Ryckaert-Bell.          LJ-14     Coulomb-14
    5.55272e+01    4.50263e+01    3.48445e+01   -2.51683e+01    0.00000e+00
        LJ (SR)   Coulomb (SR)   Coul. recip.      Potential Pressure (bar)
    2.51810e+04   -1.95169e+05    1.88667e+03   -1.67991e+05   -4.53735e+03

           Step           Time
             94       94.00000

   Energies (kJ/mol)
           Bond          Angle Ryckaert-Bell.          LJ-14     Coulomb-14
    6.65120e+01    3.75421e+01    3.48155e+01   -2.45786e+01    0.00000e+00
        LJ (SR)   Coulomb (SR)   Coul. recip.      Potential Pressure (bar)
    2.51799e+04   -1.95271e+05    1.88195e+03   -1.68095e+05   -4.44274e+03

           Step           Time
             95       95.00000

   Energies (kJ/mol)
           Bond          Angle Ryckaert-Bell.          LJ-14     Coulomb-14
    8.61469e+01    5.17461e+01    3.49615e+01   -2.52852e+01    0.00000e+00
        LJ (SR)   Coulomb (SR)   Coul. recip.      Potential Pressure (bar)
    2.51919e+04   -1.95387e+05    1.87655e+03   -1.68171e+05   -4.59116e+03

           Step           Time
             96       96.00000

   Energies (kJ/mol)
           Bond          Angle Ryckaert-Bell.          LJ-14     Coulomb-14
    1.33557e+02    4.89757e+01    3.50329e+01   -2.44814e+01    0.00000e+00
        LJ (SR)   Coulomb (SR)   Coul. recip.      Potential Pressure (bar)
    2.51899e+04   -1.95496e+05    1.87156e+03   -1.68241e+05   -4.46315e+03

           Step           Time
             97       97.00000

   Energies (kJ/mol)
           Bond          Angle Ryckaert-Bell.          LJ-14     Coulomb-14
    1.57374e+02    6.76056e+01    3.52305e+01   -2.54452e+01    0.00000e+00
        LJ (SR)   Coulomb (SR)   Coul. recip.      Potential Pressure (bar)
    2.52049e+04   -1.95604e+05    1.86658e+03   -1.68297e+05   -4.65833e+03

           Step           Time
             98       98.00000

   Energies (kJ/mol)
           Bond          Angle Ryckaert-Bell.          LJ-14     Coulomb-14
    2.61877e+02    7.29183e+01    3.54825e+01   -2.43311e+01    0.00000e+00
        LJ (SR)   Coulomb (SR)   Coul. recip.      Potential Pressure (bar)
    2.52010e+04   -1.95713e+05    1.86161e+03   -1.68305e+05   -4.48192e+03

           Step           Time
             99       99.00000

           Step           Time
            100      100.00000

   Energies (kJ/mol)
           Bond          Angle Ryckaert-Bell.          LJ-14     Coulomb-14
    1.05975e+01    2.90907e+01    3.46278e+01   -2.50224e+01    0.00000e+00
        LJ (SR)   Coulomb (SR)   Coul. recip.      Potential Pressure (bar)
    2.52095e+04   -1.95766e+05    1.85918e+03   -1.68648e+05   -4.57815e+03


Steepest Descents converged to Fmax < 1000 in 101 steps
Potential Energy  = -1.6864808e+05
Maximum force     =  5.8127277e+02 on atom 785
Norm of force     =  5.8926928e+01

    D O M A I N   D E C O M P O S I T I O N   S T A T I S T I C S

 av. #atoms communicated per step for force:  2 x 0.0

Finished mdrun on rank 0 Sun Dec 15 18:40:26 2024

